src/components/SettingsPage.tsx(1,27): error TS6133: 'useEffect' is declared but its value is never read.
src/components/SettingsPage.tsx(1,38): error TS6133: 'useRef' is declared but its value is never read.
